1.1
Metoda: POST
Adres zasobu:http://localhost:8080/API/subjects
Nagłówki: Content-Type: application/json
Request Body:
{
        "nazwa": "Metodologie obiektowe",
        "punkty": 2,
        "nrsali": 216,
        "egzamin": true

}
Odpowiedź:
HTTP Code: 200
Body: Brak

1.2
Metoda: POST
Adres zasobu:http://localhost:8080/API/subjects
Nagłówki: Content-Type: application/json
Request Body:
{
        "nazwa": "Testowanie oprogramowania",
        "punkty": 1,
        "nrsali": 216,
        "egzamin": false

}
Odpowiedź:
HTTP Code: 200
Body: Brak

1.3
Metoda: POST
Adres zasobu:http://localhost:8080/API/subjects
Nagłówki: Content-Type: application/json
Request Body:
{
        "nazwa": "Technologie i aplikacje webowe",
        "punkty": 3,
        "nrsali": 208,
        "egzamin": false

}
Odpowiedź:
HTTP Code: 200
Body: Brak

1.4
Metoda: POST
Adres zasobu:http://localhost:8080/API/subjects
Nagłówki: Content-Type: application/json
Request Body:
{
        "nazwa": "Zarządzanie projektem informatycznym",
        "punkty": 2,
        "nrsali": 216,
        "egzamin": false

}
Odpowiedź:
HTTP Code: 200
Body: Brak

1.5
Metoda: POST
Adres zasobu:http://localhost:8080/API/subjects
Nagłówki: Content-Type: application/json
Request Body:
{
        "nazwa": "Zaawansowane technologie bazodanowe",
        "punkty": 3,
        "nrsali": 208,
        "egzamin": false

}
Odpowiedź:
HTTP Code: 200
Body: Brak

1.6
Metoda: POST
Adres zasobu:http://localhost:8080/API/subjects
Nagłówki: Content-Type: application/json
Request Body:
{
        "nazwa": "Technologie komponentowe i sieciowe",
        "punkty": 2,
        "nrsali": 208,
        "egzamin": true

}
Odpowiedź:
HTTP Code: 200
Body: Brak

2.Pobranie wszystkich przedmiotów
Metoda: GET
Adres zasobu:http://localhost:8080/API/subjects
Nagłówki: Content-Type: application/json
Request Body:{}
Odpowiedź:
HTTP Code: 200
Body:
[
    {
        "id": 1,
        "nazwa": "Metodologie obiektowe",
        "punkty": 2,
        "nrsali": 216,
        "egzamin": true
    },
    {
        "id": 2,
        "nazwa": "Testowanie oprogramowania",
        "punkty": 1,
        "nrsali": 216,
        "egzamin": false
    },
    {
        "id": 3,
        "nazwa": "Technologie i aplikacje webowe",
        "punkty": 3,
        "nrsali": 208,
        "egzamin": false
    },
    {
        "id": 4,
        "nazwa": "Zarządzanie projektem informatycznym",
        "punkty": 2,
        "nrsali": 216,
        "egzamin": false
    },
    {
        "id": 5,
        "nazwa": "Zaawansowane technologie bazodanowe",
        "punkty": 3,
        "nrsali": 208,
        "egzamin": false
    },
    {
        "id": 6,
        "nazwa": "Technologie komponentowe i sieciowe",
        "punkty": 2,
        "nrsali": 208,
        "egzamin": true
    }
]

3. Pobranie przedmiotów, które mają egzamin
Metoda: GET
Adres zasobu:http://localhost:8080/API/subjects?exam=true
Nagłówki: Content-Type: application/json
Request Body:{}
Odpowiedź:
HTTP Code: 200
Body:
[
    {
        "id": 1,
        "nazwa": "Metodologie obiektowe",
        "punkty": 2,
        "nrsali": 216,
        "egzamin": true
    },
    {
        "id": 6,
        "nazwa": "Technologie komponentowe i sieciowe",
        "punkty": 2,
        "nrsali": 208,
        "egzamin": true
    }
]

4. Pobranie przedmiotów, które odbywają się w sali 216
Metoda: GET
Adres zasobu:http://localhost:8080/API/subjects?room=216
Nagłówki: Content-Type: application/json
Request Body:{}
Odpowiedź:
HTTP Code: 200
Body:
[
    {
        "id": 1,
        "nazwa": "Metodologie obiektowe",
        "punkty": 2,
        "nrsali": 216,
        "egzamin": true
    },
    {
        "id": 2,
        "nazwa": "Testowanie oprogramowania",
        "punkty": 1,
        "nrsali": 216,
        "egzamin": false
    },
    {
        "id": 4,
        "nazwa": "Zarządzanie projektem informatycznym",
        "punkty": 2,
        "nrsali": 216,
        "egzamin": false
    }
]

5. Pobranie przedmiotów które nie mają egzaminu i odbywają się w sali 208
Metoda: GET
Adres zasobu:http://localhost:8080/API/subjects?room=208&exam=false
Nagłówki: Content-Type: application/json
Request Body:{}
Odpowiedź:
HTTP Code: 200
Body:
[
    {
        "id": 3,
        "nazwa": "Technologie i aplikacje webowe",
        "punkty": 3,
        "nrsali": 208,
        "egzamin": false
    },
    {
        "id": 5,
        "nazwa": "Zaawansowane technologie bazodanowe",
        "punkty": 3,
        "nrsali": 208,
        "egzamin": false
    }
]

6. Pobranie przedmiotu o identyfikatorze 3
Metoda: GET
Adres zasobu:http://localhost:8080/API/subjects/3
Nagłówki: Content-Type: application/json
Request Body:{}
Odpowiedź:
HTTP Code: 200
Body:
{
    "id": 3,
    "nazwa": "Technologie i aplikacje webowe",
    "punkty": 3,
    "nrsali": 208,
    "egzamin": false
}

7. Pobranie przedmiotu o identyfikatorze 15
Metoda: GET
Adres zasobu:http://localhost:8080/API/subjects/15
Nagłówki: Content-Type: application/json
Request Body:{}
Odpowiedź:
HTTP Code: 404
Body:brak

8. Usunięcie przedmiotu o identyfikatorze 2
Metoda: DELETE
Adres zasobu:http://localhost:8080/API/subjects/2
Nagłówki: Content-Type: application/json
Request Body:{}
Odpowiedź:
HTTP Code: 200
Body:brak

9. Pobranie wszystkich przedmiotów
Metoda: GET
Adres zasobu:http://localhost:8080/API/subjects
Nagłówki: Content-Type: application/json
Request Body:{}
Odpowiedź:
HTTP Code: 200
Body:
[
    {
        "id": 1,
        "nazwa": "Metodologie obiektowe",
        "punkty": 2,
        "nrsali": 216,
        "egzamin": true
    },
    {
        "id": 3,
        "nazwa": "Technologie i aplikacje webowe",
        "punkty": 3,
        "nrsali": 208,
        "egzamin": false
    },
    {
        "id": 4,
        "nazwa": "Zarządzanie projektem informatycznym",
        "punkty": 2,
        "nrsali": 216,
        "egzamin": false
    },
    {
        "id": 5,
        "nazwa": "Zaawansowane technologie bazodanowe",
        "punkty": 3,
        "nrsali": 208,
        "egzamin": false
    },
    {
        "id": 6,
        "nazwa": "Technologie komponentowe i sieciowe",
        "punkty": 2,
        "nrsali": 208,
        "egzamin": true
    }
]

10. Usunięcie wszystkich przedmiotów
Metoda: DELETE
Adres zasobu:http://localhost:8080/API/subjects
Nagłówki: Content-Type: application/json
Request Body:{}
Odpowiedź:
HTTP Code: 200
Body: brak

11. Pobranie wszystkich przedmiotów
Metoda: GET
Adres zasobu:http://localhost:8080/API/subjects
Nagłówki: Content-Type: application/json
Request Body:{}
Odpowiedź:
HTTP Code: 200
Body:
[]
